\BOOKMARK [1][-]{section.1}{\376\377\000I\000n\000t\000r\000o\000d\000u\000c\000t\000i\000o\000n}{}% 1
\BOOKMARK [1][-]{section.2}{\376\377\000R\000e\000l\000a\000t\000e\000d\000\040\000W\000o\000r\000k}{}% 2
\BOOKMARK [1][-]{section.3}{\376\377\000M\000e\000t\000h\000o\000d\000s}{}% 3
\BOOKMARK [2][-]{subsection.3.1}{\376\377\000M\000I\000B\000\040\000C\000o\000n\000s\000t\000r\000u\000c\000t\000i\000o\000n}{section.3}% 4
\BOOKMARK [3][-]{subsubsection.3.1.1}{\376\377\000P\000r\000o\000m\000p\000t\000\040\000C\000o\000n\000s\000t\000r\000u\000c\000t\000i\000o\000n}{subsection.3.1}% 5
\BOOKMARK [3][-]{subsubsection.3.1.2}{\376\377\000R\000e\000f\000e\000r\000e\000n\000c\000e\000\040\000I\000m\000a\000g\000e\000\040\000G\000e\000n\000e\000r\000a\000t\000i\000o\000n}{subsection.3.1}% 6
\BOOKMARK [3][-]{subsubsection.3.1.3}{\376\377\000M\000u\000l\000t\000i\000-\000s\000u\000b\000j\000e\000c\000t\000\040\000P\000e\000r\000s\000o\000n\000a\000l\000i\000z\000e\000d\000\040\000I\000m\000a\000g\000e\000\040\000G\000e\000n\000e\000r\000a\000t\000i\000o\000n}{subsection.3.1}% 7
\BOOKMARK [3][-]{subsubsection.3.1.4}{\376\377\000L\000a\000b\000e\000l\000\040\000C\000o\000n\000s\000t\000r\000u\000c\000t\000i\000o\000n}{subsection.3.1}% 8
\BOOKMARK [2][-]{subsection.3.2}{\376\377\000E\000v\000a\000l\000u\000a\000t\000o\000r\000\040\000M\000o\000d\000e\000l\000i\000n\000g}{section.3}% 9
\BOOKMARK [1][-]{section.4}{\376\377\000R\000e\000s\000u\000l\000t\000s}{}% 10
\BOOKMARK [2][-]{subsection.4.1}{\376\377\000M\000I\000B\000\040\000L\000a\000b\000e\000l\000\040\000A\000l\000i\000g\000n\000m\000e\000n\000t\000\040\000R\000e\000s\000u\000l\000t\000s}{section.4}% 11
\BOOKMARK [3][-]{subsubsection.4.1.1}{\376\377\000M\000I\000B\000-\000S\000i\000l\000v\000e\000r\000\040\000R\000e\000s\000u\000l\000t\000s}{subsection.4.1}% 12
\BOOKMARK [3][-]{subsubsection.4.1.2}{\376\377\000M\000I\000B\000-\000G\000o\000l\000d\000\040\000R\000e\000s\000u\000l\000t\000s}{subsection.4.1}% 13
\BOOKMARK [2][-]{subsection.4.2}{\376\377\000E\000v\000a\000l\000u\000a\000t\000o\000r\000\040\000R\000e\000s\000u\000l\000t\000s\000\040\000o\000n\000\040\000M\000I\000B\000-\000G\000o\000l\000d}{section.4}% 14
\BOOKMARK [3][-]{subsubsection.4.2.1}{\376\377\000E\000x\000i\000s\000t\000i\000n\000g\000\040\000M\000e\000t\000r\000i\000c\000s\000\040\000F\000a\000i\000l\000\040\000o\000n\000\040\000M\000I\000B\000-\000G\000o\000l\000d}{subsection.4.2}% 15
\BOOKMARK [3][-]{subsubsection.4.2.2}{\376\377\000M\000I\000E\000\040\000A\000l\000i\000g\000n\000s\000\040\000B\000e\000t\000t\000e\000r\000\040\000w\000i\000t\000h\000\040\000H\000u\000m\000a\000n\000\040\000P\000r\000e\000f\000e\000r\000e\000n\000c\000e}{subsection.4.2}% 16
\BOOKMARK [1][-]{section.5}{\376\377\000L\000i\000m\000i\000t\000a\000t\000i\000o\000n\000s}{}% 17
\BOOKMARK [1][-]{section.6}{\376\377\000C\000o\000n\000c\000l\000u\000s\000i\000o\000n}{}% 18
\BOOKMARK [1][-]{section.A}{\376\377\000A\000p\000p\000e\000n\000d\000i\000x\000:\000\040\000H\000u\000m\000a\000n\000\040\000A\000n\000n\000o\000t\000a\000t\000i\000o\000n\000\040\000O\000b\000s\000e\000r\000v\000a\000t\000i\000o\000n\000s\000\040\000a\000n\000d\000\040\000F\000a\000i\000l\000u\000r\000e\000\040\000M\000o\000d\000e\000\040\000A\000n\000a\000l\000y\000s\000i\000s}{}% 19
\BOOKMARK [1][-]{section.B}{\376\377\000A\000p\000p\000e\000n\000d\000i\000x\000:\000\040\000S\000O\000P\000\040\000P\000r\000o\000m\000p\000t}{}% 20
\BOOKMARK [1][-]{section.C}{\376\377\000A\000p\000p\000e\000n\000d\000i\000x\000:\000\040\000D\000e\000m\000o\000s\000\040\000o\000f\000\040\000G\000e\000n\000e\000r\000a\000t\000e\000d\000\040\000T\000r\000a\000i\000n\000i\000n\000g\000\040\000L\000a\000b\000e\000l\000s}{}% 21
