This is pdfTeX, Version 3.141592653-2.6-1.40.29 (TeX Live 2026) (preloaded format=pdflatex 2026.5.6)  6 MAY 2026 18:00
entering extended mode
 restricted \write18 enabled.
 %&-line parsing enabled.
**neurips_2026.tex
(./neurips_2026.tex
LaTeX2e <2025-11-01>
L3 programming layer <2026-03-20>
(/Users/bytedance/Library/TinyTeX/texmf-dist/tex/latex/base/article.cls
Document Class: article 2025/01/22 v1.4n Standard LaTeX document class
(/Users/bytedance/Library/TinyTeX/texmf-dist/tex/latex/base/size10.clo
File: size10.clo 2025/01/22 v1.4n Standard LaTeX file (size option)
)
\c@part=\count275
\c@section=\count276
\c@subsection=\count277
\c@subsubsection=\count278
\c@paragraph=\count279
\c@subparagraph=\count280
\c@figure=\count281
\c@table=\count282
\abovecaptionskip=\skip49
\belowcaptionskip=\skip50
\bibindent=\dimen150
) (./neurips_2026.sty
Package: neurips_2026 2026-01-29 NeurIPS 2026 submission/camera-ready style file
 (/Users/bytedance/Library/TinyTeX/texmf-dist/tex/latex/environ/environ.sty
Package: environ 2014/05/04 v0.3 A new way to define environments
 (/Users/bytedance/Library/TinyTeX/texmf-dist/tex/latex/trimspaces/trimspaces.sty
Package: trimspaces 2009/09/17 v1.1 Trim spaces around a token list
)
\@envbody=\toks17
) (/Users/bytedance/Library/TinyTeX/texmf-dist/tex/latex/natbib/natbib.sty
Package: natbib 2010/09/13 8.31b (PWD, AO)
\bibhang=\skip51
\bibsep=\skip52
LaTeX Info: Redefining \cite on input line 694.
\c@NAT@ctr=\count283
) (/Users/bytedance/Library/TinyTeX/texmf-dist/tex/latex/geometry/geometry.sty
Package: geometry 2026/03/07 v6.0 Page Geometry
 (/Users/bytedance/Library/TinyTeX/texmf-dist/tex/latex/graphics/keyval.sty
Package: keyval 2022/05/29 v1.15 key=value parser (DPC)
\KV@toks@=\toks18
) (/Users/bytedance/Library/TinyTeX/texmf-dist/tex/generic/iftex/ifvtex.sty
Package: ifvtex 2019/10/25 v1.7 ifvtex legacy package. Use iftex instead.
 (/Users/bytedance/Library/TinyTeX/texmf-dist/tex/generic/iftex/iftex.sty
Package: iftex 2024/12/12 v1.0g TeX engine tests
))
\Gm@cnth=\count284
\Gm@cntv=\count285
\c@Gm@tempcnt=\count286
\Gm@bindingoffset=\dimen151
\Gm@wd@mp=\dimen152
\Gm@odd@mp=\dimen153
\Gm@even@mp=\dimen154
\Gm@layoutwidth=\dimen155
\Gm@layoutheight=\dimen156
\Gm@layouthoffset=\dimen157
\Gm@layoutvoffset=\dimen158
\Gm@dimlist=\toks19
)
\@neuripsabovecaptionskip=\skip53
\@neuripsbelowcaptionskip=\skip54
 (/Users/bytedance/Library/TinyTeX/texmf-dist/tex/latex/lineno/lineno.sty
Package: lineno 2026/03/08 line numbers on paragraphs v5.9
 (/Users/bytedance/Library/TinyTeX/texmf-dist/tex/latex/etoolbox/etoolbox.sty
Package: etoolbox 2025/10/02 v2.5m e-TeX tools for LaTeX (JAW)
\etb@tempcnta=\count287
) (/Users/bytedance/Library/TinyTeX/texmf-dist/tex/latex/kvoptions/kvoptions.sty
Package: kvoptions 2022-06-15 v3.15 Key value format for package options (HO)
 (/Users/bytedance/Library/TinyTeX/texmf-dist/tex/generic/ltxcmds/ltxcmds.sty
Package: ltxcmds 2023-12-04 v1.26 LaTeX kernel commands for general use (HO)
) (/Users/bytedance/Library/TinyTeX/texmf-dist/tex/latex/kvsetkeys/kvsetkeys.sty
Package: kvsetkeys 2022-10-05 v1.19 Key value parser (HO)
))
\linenopenalty=\count288
\output=\toks20
\linenoprevgraf=\count289
\linenumbersep=\dimen159
\linenumberwidth=\dimen160
\c@linenumber=\count290
\c@pagewiselinenumber=\count291
\c@LN@truepage=\count292
\c@internallinenumber=\count293
\c@internallinenumbers=\count294
\quotelinenumbersep=\dimen161
\bframerule=\dimen162
\bframesep=\dimen163
\bframebox=\box53
)) (/Users/bytedance/Library/TinyTeX/texmf-dist/tex/latex/amsfonts/amssymb.sty
Package: amssymb 2013/01/14 v3.01 AMS font symbols
 (/Users/bytedance/Library/TinyTeX/texmf-dist/tex/latex/amsfonts/amsfonts.sty
Package: amsfonts 2013/01/14 v3.01 Basic AMSFonts support
\@emptytoks=\toks21
\symAMSa=\mathgroup4
\symAMSb=\mathgroup5
LaTeX Font Info:    Redeclaring math symbol \hbar on input line 98.
LaTeX Font Info:    Overwriting math alphabet `\mathfrak' in version `bold'
(Font)                  U/euf/m/n --> U/euf/b/n on input line 106.
)) (/Users/bytedance/Library/TinyTeX/texmf-dist/tex/latex/caption/subcaption.sty
Package: subcaption 2023/07/28 v1.6b Sub-captions (AR)
 (/Users/bytedance/Library/TinyTeX/texmf-dist/tex/latex/caption/caption.sty
Package: caption 2023/08/05 v3.6o Customizing captions (AR)
 (/Users/bytedance/Library/TinyTeX/texmf-dist/tex/latex/caption/caption3.sty
Package: caption3 2023/07/31 v2.4d caption3 kernel (AR)
\caption@tempdima=\dimen164
\captionmargin=\dimen165
\caption@leftmargin=\dimen166
\caption@rightmargin=\dimen167
\caption@width=\dimen168
\caption@indent=\dimen169
\caption@parindent=\dimen170
\caption@hangindent=\dimen171
Package caption Info: Standard document class detected.
)
\c@caption@flags=\count295
\c@continuedfloat=\count296
)
Package caption Info: New subtype `subfigure' on input line 238.
\c@subfigure=\count297
Package caption Info: New subtype `subtable' on input line 238.
\c@subtable=\count298
) (/Users/bytedance/Library/TinyTeX/texmf-dist/tex/latex/graphics/graphicx.sty
Package: graphicx 2024/12/31 v1.2e Enhanced LaTeX Graphics (DPC,SPQR)
 (/Users/bytedance/Library/TinyTeX/texmf-dist/tex/latex/graphics/graphics.sty
Package: graphics 2024/08/06 v1.4g Standard LaTeX Graphics (DPC,SPQR)
 (/Users/bytedance/Library/TinyTeX/texmf-dist/tex/latex/graphics/trig.sty
Package: trig 2023/12/02 v1.11 sin cos tan (DPC)
) (/Users/bytedance/Library/TinyTeX/texmf-dist/tex/latex/graphics-cfg/graphics.cfg
File: graphics.cfg 2016/06/04 v1.11 sample graphics configuration
)
Package graphics Info: Driver file: pdftex.def on input line 106.
 (/Users/bytedance/Library/TinyTeX/texmf-dist/tex/latex/graphics-def/pdftex.def
File: pdftex.def 2025/09/29 v1.2d Graphics/color driver for pdftex
))
\Gin@req@height=\dimen172
\Gin@req@width=\dimen173
) (/Users/bytedance/Library/TinyTeX/texmf-dist/tex/latex/float/float.sty
Package: float 2001/11/08 v1.3d Float enhancements (AL)
\c@float@type=\count299
\float@exts=\toks22
\float@box=\box54
\@float@everytoks=\toks23
\@floatcapt=\box55
) (/Users/bytedance/Library/TinyTeX/texmf-dist/tex/latex/base/inputenc.sty
Package: inputenc 2024/02/08 v1.3d Input encoding file
\inpenc@prehook=\toks24
\inpenc@posthook=\toks25
) (/Users/bytedance/Library/TinyTeX/texmf-dist/tex/latex/base/fontenc.sty
Package: fontenc 2025/07/18 v2.1d Standard LaTeX package
LaTeX Font Info:    Trying to load font information for T1+ptm on input line 116.
 (/Users/bytedance/Library/TinyTeX/texmf-dist/tex/latex/psnfss/t1ptm.fd
File: t1ptm.fd 2001/06/04 font definitions for T1/ptm.
)) (/Users/bytedance/Library/TinyTeX/texmf-dist/tex/latex/hyperref/hyperref.sty
Package: hyperref 2026-04-24 v7.01q Hypertext links for LaTeX
 (/Users/bytedance/Library/TinyTeX/texmf-dist/tex/generic/kvdefinekeys/kvdefinekeys.sty
Package: kvdefinekeys 2019-12-19 v1.6 Define keys (HO)
) (/Users/bytedance/Library/TinyTeX/texmf-dist/tex/generic/pdfescape/pdfescape.sty
Package: pdfescape 2019/12/09 v1.15 Implements pdfTeX's escape features (HO)
 (/Users/bytedance/Library/TinyTeX/texmf-dist/tex/generic/pdftexcmds/pdftexcmds.sty
Package: pdftexcmds 2020-06-27 v0.33 Utility functions of pdfTeX for LuaTeX (HO)
 (/Users/bytedance/Library/TinyTeX/texmf-dist/tex/generic/infwarerr/infwarerr.sty
Package: infwarerr 2019/12/03 v1.5 Providing info/warning/error messages (HO)
)
Package pdftexcmds Info: \pdf@primitive is available.
Package pdftexcmds Info: \pdf@ifprimitive is available.
Package pdftexcmds Info: \pdfdraftmode found.
)) (/Users/bytedance/Library/TinyTeX/texmf-dist/tex/latex/hycolor/hycolor.sty
Package: hycolor 2020-01-27 v1.10 Color options for hyperref/bookmark (HO)
) (/Users/bytedance/Library/TinyTeX/texmf-dist/tex/latex/hyperref/nameref.sty
Package: nameref 2026-01-29 v2.58 Cross-referencing by name of section
 (/Users/bytedance/Library/TinyTeX/texmf-dist/tex/latex/refcount/refcount.sty
Package: refcount 2019/12/15 v3.6 Data extraction from label references (HO)
) (/Users/bytedance/Library/TinyTeX/texmf-dist/tex/generic/gettitlestring/gettitlestring.sty
Package: gettitlestring 2019/12/15 v1.6 Cleanup title references (HO)
)
\c@section@level=\count300
) (/Users/bytedance/Library/TinyTeX/texmf-dist/tex/generic/stringenc/stringenc.sty
Package: stringenc 2019/11/29 v1.12 Convert strings between diff. encodings (HO)
)
\@linkdim=\dimen174
\Hy@linkcounter=\count301
\Hy@pagecounter=\count302
 (/Users/bytedance/Library/TinyTeX/texmf-dist/tex/latex/hyperref/pd1enc.def
File: pd1enc.def 2026-04-24 v7.01q Hyperref: PDFDocEncoding definition (HO)
Now handling font encoding PD1 ...
... no UTF-8 mapping file for font encoding PD1
) (/Users/bytedance/Library/TinyTeX/texmf-dist/tex/generic/intcalc/intcalc.sty
Package: intcalc 2019/12/15 v1.3 Expandable calculations with integers (HO)
)
\Hy@SavedSpaceFactor=\count303
 (/Users/bytedance/Library/TinyTeX/texmf-dist/tex/latex/hyperref/puenc.def
File: puenc.def 2026-04-24 v7.01q Hyperref: PDF Unicode definition (HO)
Now handling font encoding PU ...
... no UTF-8 mapping file for font encoding PU
)
Package hyperref Info: Hyper figures OFF on input line 4199.
Package hyperref Info: Link nesting OFF on input line 4204.
Package hyperref Info: Hyper index ON on input line 4207.
Package hyperref Info: Plain pages OFF on input line 4214.
Package hyperref Info: Backreferencing OFF on input line 4219.
Package hyperref Info: Implicit mode ON; LaTeX internals redefined.
Package hyperref Info: Bookmarks ON on input line 4466.
\c@Hy@tempcnt=\count304
 (/Users/bytedance/Library/TinyTeX/texmf-dist/tex/latex/url/url.sty
\Urlmuskip=\muskip17
Package: url 2013/09/16  ver 3.4  Verb mode for urls, etc.
)
LaTeX Info: Redefining \url on input line 4805.
\XeTeXLinkMargin=\dimen175
 (/Users/bytedance/Library/TinyTeX/texmf-dist/tex/generic/bitset/bitset.sty
Package: bitset 2019/12/09 v1.3 Handle bit-vector datatype (HO)
 (/Users/bytedance/Library/TinyTeX/texmf-dist/tex/generic/bigintcalc/bigintcalc.sty
Package: bigintcalc 2019/12/15 v1.5 Expandable calculations on big integers (HO)
))
\Fld@menulength=\count305
\Field@Width=\dimen176
\Fld@charsize=\dimen177
Package hyperref Info: Hyper figures OFF on input line 6091.
Package hyperref Info: Link nesting OFF on input line 6096.
Package hyperref Info: Hyper index ON on input line 6099.
Package hyperref Info: backreferencing OFF on input line 6106.
Package hyperref Info: Link coloring OFF on input line 6111.
Package hyperref Info: Link coloring with OCG OFF on input line 6116.
Package hyperref Info: PDF/A mode OFF on input line 6121.
\Hy@abspage=\count306
\c@Item=\count307
\c@Hfootnote=\count308
)
Package hyperref Info: Driver (autodetected): hpdftex.
 (/Users/bytedance/Library/TinyTeX/texmf-dist/tex/latex/hyperref/hpdftex.def
File: hpdftex.def 2026-04-24 v7.01q Hyperref driver for pdfTeX
\Fld@listcount=\count309
\c@bookmark@seq@number=\count310
 (/Users/bytedance/Library/TinyTeX/texmf-dist/tex/latex/rerunfilecheck/rerunfilecheck.sty
Package: rerunfilecheck 2025-06-21 v1.11 Rerun checks for auxiliary files (HO)
 (/Users/bytedance/Library/TinyTeX/texmf-dist/tex/generic/uniquecounter/uniquecounter.sty
Package: uniquecounter 2019/12/15 v1.4 Provide unlimited unique counter (HO)
)
Package uniquecounter Info: New unique counter `rerunfilecheck' on input line 284.
)
\Hy@SectionHShift=\skip55
) (/Users/bytedance/Library/TinyTeX/texmf-dist/tex/latex/booktabs/booktabs.sty
Package: booktabs 2020/01/12 v1.61803398 Publication quality tables
\heavyrulewidth=\dimen178
\lightrulewidth=\dimen179
\cmidrulewidth=\dimen180
\belowrulesep=\dimen181
\belowbottomsep=\dimen182
\aboverulesep=\dimen183
\abovetopsep=\dimen184
\cmidrulesep=\dimen185
\cmidrulekern=\dimen186
\defaultaddspace=\dimen187
\@cmidla=\count311
\@cmidlb=\count312
\@aboverulesep=\dimen188
\@belowrulesep=\dimen189
\@thisruleclass=\count313
\@lastruleclass=\count314
\@thisrulewidth=\dimen190
) (/Users/bytedance/Library/TinyTeX/texmf-dist/tex/latex/units/nicefrac.sty
Package: nicefrac 1998/08/04 v0.9b Nice fractions
\L@UnitsRaiseDisplaystyle=\skip56
\L@UnitsRaiseTextstyle=\skip57
\L@UnitsRaiseScriptstyle=\skip58
 (/Users/bytedance/Library/TinyTeX/texmf-dist/tex/latex/base/ifthen.sty
Package: ifthen 2024/03/16 v1.1e Standard LaTeX ifthen package (DPC)
)) (/Users/bytedance/Library/TinyTeX/texmf-dist/tex/latex/microtype/microtype.sty
Package: microtype 2026/03/01 v3.2d Micro-typographical refinements (RS)
\MT@toks=\toks26
\MT@tempbox=\box56
\MT@count=\count315
LaTeX Info: Redefining \noprotrusionifhmode on input line 1084.
LaTeX Info: Redefining \leftprotrusion on input line 1085.
\MT@prot@toks=\toks27
LaTeX Info: Redefining \rightprotrusion on input line 1104.
LaTeX Info: Redefining \textls on input line 1449.
\MT@outer@kern=\dimen191
LaTeX Info: Redefining \microtypecontext on input line 2053.
LaTeX Info: Redefining \textmicrotypecontext on input line 2070.
\MT@listname@count=\count316
 (/Users/bytedance/Library/TinyTeX/texmf-dist/tex/latex/microtype/microtype-pdftex.def
File: microtype-pdftex.def 2026/03/01 v3.2d Definitions specific to pdftex (RS)
LaTeX Info: Redefining \lsstyle on input line 944.
LaTeX Info: Redefining \lslig on input line 944.
\MT@outer@space=\skip59
)
Package microtype Info: Loading configuration file microtype.cfg.
 (/Users/bytedance/Library/TinyTeX/texmf-dist/tex/latex/microtype/microtype.cfg
File: microtype.cfg 2026/03/01 v3.2d microtype main configuration file (RS)
)
LaTeX Info: Redefining \microtypesetup on input line 3065.
) (/Users/bytedance/Library/TinyTeX/texmf-dist/tex/latex/xcolor/xcolor.sty
Package: xcolor 2024/09/29 v3.02 LaTeX color extensions (UK)
 (/Users/bytedance/Library/TinyTeX/texmf-dist/tex/latex/graphics-cfg/color.cfg
File: color.cfg 2016/01/02 v1.6 sample color configuration
)
Package xcolor Info: Driver file: pdftex.def on input line 274.
 (/Users/bytedance/Library/TinyTeX/texmf-dist/tex/latex/graphics/mathcolor.ltx)
Package xcolor Info: Model `cmy' substituted by `cmy0' on input line 1349.
Package xcolor Info: Model `hsb' substituted by `rgb' on input line 1353.
Package xcolor Info: Model `RGB' extended on input line 1365.
Package xcolor Info: Model `HTML' substituted by `rgb' on input line 1367.
Package xcolor Info: Model `Hsb' substituted by `hsb' on input line 1368.
Package xcolor Info: Model `tHsb' substituted by `hsb' on input line 1369.
Package xcolor Info: Model `HSB' substituted by `hsb' on input line 1370.
Package xcolor Info: Model `Gray' substituted by `gray' on input line 1371.
Package xcolor Info: Model `wave' substituted by `hsb' on input line 1372.
) (/Users/bytedance/Library/TinyTeX/texmf-dist/tex/latex/amsmath/amsmath.sty
Package: amsmath 2025/07/09 v2.17z AMS math features
\@mathmargin=\skip60

For additional information on amsmath, use the `?' option.
(/Users/bytedance/Library/TinyTeX/texmf-dist/tex/latex/amsmath/amstext.sty
Package: amstext 2024/11/17 v2.01 AMS text
 (/Users/bytedance/Library/TinyTeX/texmf-dist/tex/latex/amsmath/amsgen.sty
File: amsgen.sty 1999/11/30 v2.0 generic functions
\@emptytoks=\toks28
\ex@=\dimen192
)) (/Users/bytedance/Library/TinyTeX/texmf-dist/tex/latex/amsmath/amsbsy.sty
Package: amsbsy 1999/11/29 v1.2d Bold Symbols
\pmbraise@=\dimen193
) (/Users/bytedance/Library/TinyTeX/texmf-dist/tex/latex/amsmath/amsopn.sty
Package: amsopn 2022/04/08 v2.04 operator names
)
\inf@bad=\count317
LaTeX Info: Redefining \frac on input line 233.
\uproot@=\count318
\leftroot@=\count319
LaTeX Info: Redefining \overline on input line 398.
LaTeX Info: Redefining \colon on input line 409.
\classnum@=\count320
\DOTSCASE@=\count321
LaTeX Info: Redefining \ldots on input line 495.
LaTeX Info: Redefining \dots on input line 498.
LaTeX Info: Redefining \cdots on input line 619.
\Mathstrutbox@=\box57
\strutbox@=\box58
LaTeX Info: Redefining \big on input line 721.
LaTeX Info: Redefining \Big on input line 722.
LaTeX Info: Redefining \bigg on input line 723.
LaTeX Info: Redefining \Bigg on input line 724.
\big@size=\dimen194
LaTeX Font Info:    Redeclaring font encoding OML on input line 742.
LaTeX Font Info:    Redeclaring font encoding OMS on input line 743.
\macc@depth=\count322
LaTeX Info: Redefining \bmod on input line 904.
LaTeX Info: Redefining \pmod on input line 909.
LaTeX Info: Redefining \smash on input line 939.
LaTeX Info: Redefining \relbar on input line 969.
LaTeX Info: Redefining \Relbar on input line 970.
\c@MaxMatrixCols=\count323
\dotsspace@=\muskip18
\c@parentequation=\count324
\dspbrk@lvl=\count325
\tag@help=\toks29
\row@=\count326
\column@=\count327
\maxfields@=\count328
\andhelp@=\toks30
\eqnshift@=\dimen195
\alignsep@=\dimen196
\tagshift@=\dimen197
\tagwidth@=\dimen198
\totwidth@=\dimen199
\lineht@=\dimen256
\@envbody=\toks31
\multlinegap=\skip61
\multlinetaggap=\skip62
\mathdisplay@stack=\toks32
LaTeX Info: Redefining \[ on input line 2950.
LaTeX Info: Redefining \] on input line 2951.
)
\@LN@amsmath@ams@eqpen=\count329
 (/Users/bytedance/Library/TinyTeX/texmf-dist/tex/latex/l3backend/l3backend-pdftex.def
File: l3backend-pdftex.def 2026-02-18 L3 backend support: PDF output (pdfTeX)
\l__color_backend_stack_int=\count330
) (./neurips_2026.aux)
\openout1 = `neurips_2026.aux'.

LaTeX Font Info:    Checking defaults for OML/cmm/m/it on input line 144.
LaTeX Font Info:    ... okay on input line 144.
LaTeX Font Info:    Checking defaults for OMS/cmsy/m/n on input line 144.
LaTeX Font Info:    ... okay on input line 144.
LaTeX Font Info:    Checking defaults for OT1/cmr/m/n on input line 144.
LaTeX Font Info:    ... okay on input line 144.
LaTeX Font Info:    Checking defaults for T1/cmr/m/n on input line 144.
LaTeX Font Info:    ... okay on input line 144.
LaTeX Font Info:    Checking defaults for TS1/cmr/m/n on input line 144.
LaTeX Font Info:    ... okay on input line 144.
LaTeX Font Info:    Checking defaults for OMX/cmex/m/n on input line 144.
LaTeX Font Info:    ... okay on input line 144.
LaTeX Font Info:    Checking defaults for U/cmr/m/n on input line 144.
LaTeX Font Info:    ... okay on input line 144.
LaTeX Font Info:    Checking defaults for PD1/pdf/m/n on input line 144.
LaTeX Font Info:    ... okay on input line 144.
LaTeX Font Info:    Checking defaults for PU/pdf/m/n on input line 144.
LaTeX Font Info:    ... okay on input line 144.

*geometry* driver: auto-detecting
*geometry* detected driver: pdftex
*geometry* verbose mode - [ preamble ] result:
* driver: pdftex
* paper: letterpaper
* layout: <same size as paper>
* layoutoffset:(h,v)=(0.0pt,0.0pt)
* modes: 
* h-part:(L,W,R)=(92.14519pt, 430.00462pt, 92.14519pt)
* v-part:(T,H,B)=(95.39737pt, 556.47656pt, 143.09605pt)
* \paperwidth=614.295pt
* \paperheight=794.96999pt
* \textwidth=430.00462pt
* \textheight=556.47656pt
* \oddsidemargin=19.8752pt
* \evensidemargin=19.8752pt
* \topmargin=-13.87262pt
* \headheight=12.0pt
* \headsep=25.0pt
* \topskip=10.0pt
* \footskip=30.0pt
* \marginparwidth=65.0pt
* \marginparsep=11.0pt
* \columnsep=10.0pt
* \skip\footins=9.0pt plus 4.0pt minus 2.0pt
* \hoffset=0.0pt
* \voffset=0.0pt
* \mag=1000
* \@twocolumnfalse
* \@twosidefalse
* \@mparswitchfalse
* \@reversemarginfalse
* (1in=72.27pt=25.4mm, 1cm=28.453pt)

*geometry* verbose mode - [ newgeometry ] result:
* driver: pdftex
* paper: letterpaper
* layout: <same size as paper>
* layoutoffset:(h,v)=(0.0pt,0.0pt)
* modes: 
* h-part:(L,W,R)=(108.405pt, 397.48499pt, 108.40501pt)
* v-part:(T,H,B)=(72.26999pt, 650.43pt, 72.27pt)
* \paperwidth=614.295pt
* \paperheight=794.96999pt
* \textwidth=397.48499pt
* \textheight=650.43pt
* \oddsidemargin=36.13501pt
* \evensidemargin=36.13501pt
* \topmargin=-37.0pt
* \headheight=12.0pt
* \headsep=25.0pt
* \topskip=10.0pt
* \footskip=30.0pt
* \marginparwidth=65.0pt
* \marginparsep=11.0pt
* \columnsep=10.0pt
* \skip\footins=9.0pt plus 4.0pt minus 2.0pt
* \hoffset=0.0pt
* \voffset=0.0pt
* \mag=1000
* \@twocolumnfalse
* \@twosidefalse
* \@mparswitchfalse
* \@reversemarginfalse
* (1in=72.27pt=25.4mm, 1cm=28.453pt)

Package caption Info: Begin \AtBeginDocument code.
Package caption Info: float package is loaded.
Package caption Info: hyperref package is loaded.
Package caption Info: End \AtBeginDocument code.
(/Users/bytedance/Library/TinyTeX/texmf-dist/tex/context/base/mkii/supp-pdf.mkii
[Loading MPS to PDF converter (version 2006.09.02).]
\scratchcounter=\count331
\scratchdimen=\dimen257
\scratchbox=\box59
\nofMPsegments=\count332
\nofMParguments=\count333
\everyMPshowfont=\toks33
\MPscratchCnt=\count334
\MPscratchDim=\dimen258
\MPnumerator=\count335
\makeMPintoPDFobject=\count336
\everyMPtoPDFconversion=\toks34
) (/Users/bytedance/Library/TinyTeX/texmf-dist/tex/latex/epstopdf-pkg/epstopdf-base.sty
Package: epstopdf-base 2020-01-24 v2.11 Base part for package epstopdf
 (/Users/bytedance/Library/TinyTeX/texmf-dist/tex/latex/grfext/grfext.sty
Package: grfext 2019/12/03 v1.3 Manage graphics extensions (HO)
)
Package epstopdf-base Info: Redefining graphics rule for `.eps' on input line 485.
Package grfext Info: Graphics extension search list:
(grfext)             [.pdf,.png,.jpg,.mps,.jpeg,.jbig2,.jb2,.PDF,.PNG,.JPG,.JPEG,.JBIG2,.JB2,.eps]
(grfext)             \AppendGraphicsExtensions on input line 504.
 (/Users/bytedance/Library/TinyTeX/texmf-dist/tex/latex/latexconfig/epstopdf-sys.cfg
File: epstopdf-sys.cfg 2010/07/13 v1.3 Configuration of (r)epstopdf for TeX Live
))
Package hyperref Info: Link coloring OFF on input line 144.
 (./neurips_2026.out) (./neurips_2026.out)
\@outlinefile=\write3
\openout3 = `neurips_2026.out'.

LaTeX Info: Redefining \microtypecontext on input line 144.
Package microtype Info: Applying patch `item' on input line 144.
Package microtype Info: Applying patch `toc' on input line 144.
Package microtype Info: Applying patch `eqnum' on input line 144.
Package microtype Info: Applying patch `footnote' on input line 144.
Package microtype Info: Applying patch `verbatim' on input line 144.
LaTeX Info: Redefining \microtypesetup on input line 144.
Package microtype Info: Generating PDF output.
Package microtype Info: Character protrusion enabled (level 2).
Package microtype Info: Using default protrusion set `alltext'.
Package microtype Info: Automatic font expansion enabled (level 2),
(microtype)             stretch: 20, shrink: 20, step: 1, non-selected.
Package microtype Info: Using default expansion set `alltext-nott'.
Package microtype Info: Patching command `\showhyphens'.
Package microtype Info: No adjustment of tracking.
Package microtype Info: No adjustment of interword spacing.
Package microtype Info: No adjustment of character kerning.
 (/Users/bytedance/Library/TinyTeX/texmf-dist/tex/latex/microtype/mt-ptm.cfg
File: mt-ptm.cfg 2006/04/20 v1.7 microtype config. file: Times (RS)
) (/Users/bytedance/Library/TinyTeX/texmf-dist/tex/latex/microtype/mt-cmr.cfg
File: mt-cmr.cfg 2013/05/19 v2.2 microtype config. file: Computer Modern Roman (RS)
)
LaTeX Font Info:    Trying to load font information for U+msa on input line 148.
 (/Users/bytedance/Library/TinyTeX/texmf-dist/tex/latex/amsfonts/umsa.fd
File: umsa.fd 2013/01/14 v3.01 AMS symbols A
) (/Users/bytedance/Library/TinyTeX/texmf-dist/tex/latex/microtype/mt-msa.cfg
File: mt-msa.cfg 2006/02/04 v1.1 microtype config. file: AMS symbols (a) (RS)
)
LaTeX Font Info:    Trying to load font information for U+msb on input line 148.
 (/Users/bytedance/Library/TinyTeX/texmf-dist/tex/latex/amsfonts/umsb.fd
File: umsb.fd 2013/01/14 v3.01 AMS symbols B
) (/Users/bytedance/Library/TinyTeX/texmf-dist/tex/latex/microtype/mt-msb.cfg
File: mt-msb.cfg 2005/06/01 v1.0 microtype config. file: AMS symbols (b) (RS)
)
Package microtype Info: Loading generic protrusion settings for font family
(microtype)             `cmtt' (encoding: T1).
(microtype)             For optimal results, create family-specific settings.
(microtype)             See the microtype manual for details.
LaTeX Font Info:    Trying to load font information for T1+phv on input line 152.
 (/Users/bytedance/Library/TinyTeX/texmf-dist/tex/latex/psnfss/t1phv.fd
File: t1phv.fd 2020/03/25 scalable font definitions for T1/phv.
)
Package microtype Info: Loading generic protrusion settings for font family
(microtype)             `phv' (encoding: T1).
(microtype)             For optimal results, create family-specific settings.
(microtype)             See the microtype manual for details.
 [1


{/Users/bytedance/Library/TinyTeX/texmf-var/fonts/map/pdftex/updmap/pdftex.map}{/Users/bytedance/Library/TinyTeX/texmf-dist/fonts/enc/dvips/base/8r.enc}]
<figures/section_4_2_1_baseline_alignment.png, id=110, 1040.4471pt x 426.393pt>
File: figures/section_4_2_1_baseline_alignment.png Graphic file (type png)
<use figures/section_4_2_1_baseline_alignment.png>
Package pdftex.def Info: figures/section_4_2_1_baseline_alignment.png  used on input line 164.
(pdftex.def)             Requested size: 377.60951pt x 154.75055pt.
LaTeX Font Info:    Trying to load font information for TS1+ptm on input line 184.
 (/Users/bytedance/Library/TinyTeX/texmf-dist/tex/latex/psnfss/ts1ptm.fd
File: ts1ptm.fd 2001/06/04 font definitions for TS1/ptm.
) [2 <./figures/section_4_2_1_baseline_alignment.png>]
Underfull \hbox (badness 1688) in paragraph at lines 337--337
[]\T1/ptm/m/n/7 (+20) Broader single-subject eval-u-a-
 []


Underfull \hbox (badness 6125) in paragraph at lines 337--337
[]\T1/ptm/m/n/7 (+20) Broad in-context con-sis-tency
 []


Underfull \hbox (badness 1953) in paragraph at lines 337--337
\T1/ptm/m/n/7 (+20) bench-mark, but lacks hu-man
 []


Underfull \hbox (badness 7595) in paragraph at lines 337--337
\T1/ptm/m/n/7 (+20) but not hi-er-ar-chi-cal in-ter-ac-
 []


Underfull \hbox (badness 1320) in paragraph at lines 337--337
[]\T1/ptm/m/n/7 (+20) Restricted to hu-man sub-jects;
 []

<mibe_overview.png, id=157, 1453.43pt x 1090.0725pt>
File: mibe_overview.png Graphic file (type png)
<use mibe_overview.png>
Package pdftex.def Info: mibe_overview.png  used on input line 358.
(pdftex.def)             Requested size: 377.59457pt x 227.64122pt.
<hierarchical_prompt_construction.png, id=158, 1453.43pt x 1090.0725pt>
File: hierarchical_prompt_construction.png Graphic file (type png)
<use hierarchical_prompt_construction.png>
Package pdftex.def Info: hierarchical_prompt_construction.png  used on input line 370.
(pdftex.def)             Requested size: 198.73282pt x 130.0712pt.
[3] [4]
Underfull \vbox (badness 10000) has occurred while \output is active []


Underfull \vbox (badness 10000) has occurred while \output is active []

 [5 <./mibe_overview.png> <./hierarchical_prompt_construction.png>] [6] [7] [8] [9]
<figures/overall_agreement.pdf, id=234, 400.63428pt x 364.26694pt>
File: figures/overall_agreement.pdf Graphic file (type pdf)
<use figures/overall_agreement.pdf>
Package pdftex.def Info: figures/overall_agreement.pdf  used on input line 623.
(pdftex.def)             Requested size: 127.1981pt x 115.65068pt.
<figures/agreement_by_subject.pdf, id=235, 400.63428pt x 349.34265pt>
File: figures/agreement_by_subject.pdf Graphic file (type pdf)
<use figures/agreement_by_subject.pdf>
Package pdftex.def Info: figures/agreement_by_subject.pdf  used on input line 629.
(pdftex.def)             Requested size: 127.1981pt x 110.91238pt.
<figures/agreement_by_tag.pdf, id=236, 576.08664pt x 349.34265pt>
File: figures/agreement_by_tag.pdf Graphic file (type pdf)
<use figures/agreement_by_tag.pdf>
Package pdftex.def Info: figures/agreement_by_tag.pdf  used on input line 635.
(pdftex.def)             Requested size: 127.1981pt x 77.1328pt.
 [10]
<figures/section_4_1_2_gold_benchmark.png, id=252, 1030.0884pt x 426.393pt>
File: figures/section_4_1_2_gold_benchmark.png Graphic file (type png)
<use figures/section_4_1_2_gold_benchmark.png>
Package pdftex.def Info: figures/section_4_1_2_gold_benchmark.png  used on input line 658.
(pdftex.def)             Requested size: 397.48499pt x 164.53592pt.

Underfull \vbox (badness 1122) has occurred while \output is active []


Underfull \vbox (badness 1122) has occurred while \output is active []

 [11 <./figures/overall_agreement.pdf> <./figures/agreement_by_subject.pdf> <./figures/agreement_by_tag.pdf>]
Underfull \vbox (badness 10000) has occurred while \output is active []


Underfull \vbox (badness 10000) has occurred while \output is active []

 [12 <./figures/section_4_1_2_gold_benchmark.png>]
<figures/section_4_2_2_mie_alignment.png, id=445, 1038.279pt x 426.393pt>
File: figures/section_4_2_2_mie_alignment.png Graphic file (type png)
<use figures/section_4_2_2_mie_alignment.png>
Package pdftex.def Info: figures/section_4_2_2_mie_alignment.png  used on input line 732.
(pdftex.def)             Requested size: 397.48499pt x 163.23466pt.

Underfull \vbox (badness 5417) has occurred while \output is active []


Underfull \vbox (badness 5417) has occurred while \output is active []

 [13 <./figures/section_4_2_2_mie_alignment.png>]
<figures/section_4_2_3_mie_breakdown.png, id=455, 1293.1512pt x 354.123pt>
File: figures/section_4_2_3_mie_breakdown.png Graphic file (type png)
<use figures/section_4_2_3_mie_breakdown.png>
Package pdftex.def Info: figures/section_4_2_3_mie_breakdown.png  used on input line 745.
(pdftex.def)             Requested size: 397.48499pt x 108.84758pt.
 [14 <./figures/section_4_2_3_mie_breakdown.png>] (./neurips_2026.bbl [15]) [16]
<figures/Appendix-Failure Rates Increase with Subject Count.png, id=474, 519.9425pt x 708.6475pt>
File: figures/Appendix-Failure Rates Increase with Subject Count.png Graphic file (type png)
<use figures/Appendix-Failure Rates Increase with Subject Count.png>
Package pdftex.def Info: figures/Appendix-Failure Rates Increase with Subject Count.png  used on input line 802.
(pdftex.def)             Requested size: 298.11374pt x 406.31215pt.
 [17 <./figures/Appendix-Failure Rates Increase with Subject Count.png>]
<figures/Appendix-Existence Failures Frequently Co-occur with Appearance Failures.png, id=482, 934.49126pt x 888.31876pt>
File: figures/Appendix-Existence Failures Frequently Co-occur with Appearance Failures.png Graphic file (type png)
<use figures/Appendix-Existence Failures Frequently Co-occur with Appearance Failures.png>
Package pdftex.def Info: figures/Appendix-Existence Failures Frequently Co-occur with Appearance Failures.png  used on input line 814.
(pdftex.def)             Requested size: 317.9892pt x 302.28192pt.
<figures/Appendix-Multi-Action Overload Leads to Subject Deformation.png, id=483, 795.97375pt x 717.68124pt>
File: figures/Appendix-Multi-Action Overload Leads to Subject Deformation.png Graphic file (type png)
<use figures/Appendix-Multi-Action Overload Leads to Subject Deformation.png>
Package pdftex.def Info: figures/Appendix-Multi-Action Overload Leads to Subject Deformation.png  used on input line 824.
(pdftex.def)             Requested size: 278.23827pt x 250.86366pt.

Underfull \vbox (badness 10000) has occurred while \output is active []


Underfull \vbox (badness 10000) has occurred while \output is active []

 [18 <./figures/Appendix-Existence Failures Frequently Co-occur with Appearance Failures.png>]
Overfull \hbox (53.90479pt too wide) in paragraph at lines 902--902
[]\T1/cmtt/m/n/10 Evaluate candidate A and candidate B independently. For each image, strictly evaluate:[] 
 []


Overfull \hbox (22.41248pt too wide) in paragraph at lines 902--902
[]\T1/cmtt/m/n/10 - Existence: Are ALL the required subjects in the references physically present?[] 
 []


Overfull \hbox (17.16376pt too wide) in paragraph at lines 902--902
[]\T1/cmtt/m/n/10 - Appearance: Are the subjects rendered WITHOUT structural deformations? Do the[] 
 []


Overfull \hbox (17.16376pt too wide) in paragraph at lines 902--902
[]\T1/cmtt/m/n/10 - Interaction: Does the generated image reflect the described actions, maintain[] 
 []


Overfull \hbox (27.6612pt too wide) in paragraph at lines 902--902
[]\T1/cmtt/m/n/10 - All dimensional scores (`*_existence', `*_appearance', `*_interaction') must be[] 
 []

[19 <./figures/Appendix-Multi-Action Overload Leads to Subject Deformation.png>]
Overfull \hbox (22.41248pt too wide) in paragraph at lines 902--902
[]  \T1/cmtt/m/n/10 `b_flaw_log`. DO NOT list perfect subjects. ONLY list subjects with errors and[] 
 []


Overfull \hbox (22.41248pt too wide) in paragraph at lines 902--902
[]\T1/cmtt/m/n/10 - Appearance (Strict Identity & Wardrobe): You MUST check the whole person. If a[] 
 []


Overfull \hbox (6.66632pt too wide) in paragraph at lines 902--902
[]  \T1/cmtt/m/n/10 subject has the correct top but wrong pants, wrong hair, or mismatched skin[] 
 []


Overfull \hbox (6.66632pt too wide) in paragraph at lines 902--902
[]\T1/cmtt/m/n/10 - Appearance (Mangled/Melted): Any structural artifacts (extra limbs, mangled[] 
 []


Overfull \hbox (22.41248pt too wide) in paragraph at lines 902--902
[]\T1/cmtt/m/n/10 - Existence vs Appearance: If requested "man denim jacket" is drawn as a generic[] 
 []


Overfull \hbox (17.16376pt too wide) in paragraph at lines 902--902
[]\T1/cmtt/m/n/10 - Interaction (Partial): Evaluate interactions based ONLY on rendered subjects.[] 
 []


Overfull \hbox (27.6612pt too wide) in paragraph at lines 902--902
[]  \T1/cmtt/m/n/10 (e.g., objects floating in mid-air without support) OR severe scale distortions[] 
 []


Overfull \hbox (38.15863pt too wide) in paragraph at lines 902--902
[]  \T1/cmtt/m/n/10 between objects (e.g., abnormally giant bread, miniature people) = Interaction 0.[] 
 []


Overfull \hbox (17.16376pt too wide) in paragraph at lines 902--902
[]  \T1/cmtt/m/n/10 (e.g., tables, pedestals) used to hold objects is PERMITTED and should NOT be[] 
 []


Overfull \hbox (17.16376pt too wide) in paragraph at lines 902--902
[]  \T1/cmtt/m/n/10 "a_flaw_log": "Middle eastern man: Appearance (wears green sweater instead of[] 
 []


Overfull \hbox (1.4176pt too wide) in paragraph at lines 902--902
[]  \T1/cmtt/m/n/10 beige shirt). Man flannel shirt: Appearance (wrong pants color). Woman red[] 
 []


Overfull \hbox (11.91504pt too wide) in paragraph at lines 902--902
[]  \T1/cmtt/m/n/10 "b_flaw_log": "Middle eastern man: Missing. Man bomber jacket: Missing. DSLR[] 
 []


Overfull \hbox (22.41248pt too wide) in paragraph at lines 902--902
[]  \T1/cmtt/m/n/10 camera: Missing. Interaction: Man is not walking towards/staring at the woman;[] 
 []

[20]
<figures/SOP_demo_1.png, id=503, 2266.4675pt x 1686.3pt>
File: figures/SOP_demo_1.png Graphic file (type png)
<use figures/SOP_demo_1.png>
Package pdftex.def Info: figures/SOP_demo_1.png  used on input line 911.
(pdftex.def)             Requested size: 182.84575pt x 136.03891pt.
<figures/SOP_demo_2.png, id=504, 2286.5425pt x 1597.97pt>
File: figures/SOP_demo_2.png Graphic file (type png)
<use figures/SOP_demo_2.png>
Package pdftex.def Info: figures/SOP_demo_2.png  used on input line 916.
(pdftex.def)             Requested size: 182.84575pt x 127.76706pt.
<figures/SOP_demo_3.png, id=505, 2288.55pt x 1559.8275pt>
File: figures/SOP_demo_3.png Graphic file (type png)
<use figures/SOP_demo_3.png>
Package pdftex.def Info: figures/SOP_demo_3.png  used on input line 921.
(pdftex.def)             Requested size: 182.84575pt x 124.62213pt.
<figures/SOP_demo_4.png, id=506, 2298.5875pt x 1591.9475pt>
File: figures/SOP_demo_4.png Graphic file (type png)
<use figures/SOP_demo_4.png>
Package pdftex.def Info: figures/SOP_demo_4.png  used on input line 926.
(pdftex.def)             Requested size: 182.84575pt x 126.62967pt.
<figures/SOP_demo_5.png, id=507, 2310.6325pt x 1698.345pt>
File: figures/SOP_demo_5.png Graphic file (type png)
<use figures/SOP_demo_5.png>
Package pdftex.def Info: figures/SOP_demo_5.png  used on input line 931.
(pdftex.def)             Requested size: 317.9892pt x 233.724pt.
 [21 <./figures/SOP_demo_1.png> <./figures/SOP_demo_2.png> <./figures/SOP_demo_3.png> <./figures/SOP_demo_4.png> <./figures/SOP_demo_5.png>] (./checklist.tex [22] [23] [24] [25] [26] [27]) [28] (./neurips_2026.aux)
 ***********
LaTeX2e <2025-11-01>
L3 programming layer <2026-03-20>
 ***********
Package rerunfilecheck Info: File `neurips_2026.out' has not changed.
(rerunfilecheck)             Checksum: 76B4E2D16080EC97D6868F6F4C843ED7;3736.
 ) 
Here is how much of TeX's memory you used:
 16195 strings out of 469339
 261206 string characters out of 5465415
 714353 words of memory out of 5000000
 44336 multiletter control sequences out of 15000+600000
 685311 words of font info for 294 fonts, out of 8000000 for 9000
 14 hyphenation exceptions out of 8191
 72i,11n,79p,1926b,798s stack positions out of 10000i,1000n,20000p,200000b,200000s
 </Users/bytedance/Library/TinyTeX/texmf-var/fonts/pk/ljfour/jknappen/ec/ectt1000.600pk></Users/bytedance/Library/TinyTeX/texmf-dist/fonts/type1/public/amsfonts/cm/cmex10.pfb></Users/bytedance/Library/TinyTeX/texmf-dist/fonts/type1/public/amsfonts/cm/cmmi10.pfb></Users/bytedance/Library/TinyTeX/texmf-dist/fonts/type1/public/amsfonts/cm/cmmi7.pfb></Users/bytedance/Library/TinyTeX/texmf-dist/fonts/type1/public/amsfonts/cm/cmr10.pfb></Users/bytedance/Library/TinyTeX/texmf-dist/fonts/type1/public/amsfonts/cm/cmr7.pfb></Users/bytedance/Library/TinyTeX/texmf-dist/fonts/type1/public/amsfonts/cm/cmsy10.pfb></Users/bytedance/Library/TinyTeX/texmf-dist/fonts/type1/public/amsfonts/cm/cmsy7.pfb></Users/bytedance/Library/TinyTeX/texmf-dist/fonts/type1/public/amsfonts/symbols/msam7.pfb></Users/bytedance/Library/TinyTeX/texmf-dist/fonts/type1/public/amsfonts/symbols/msbm10.pfb></Users/bytedance/Library/TinyTeX/texmf-dist/fonts/type1/urw/helvetic/uhvr8a.pfb></Users/bytedance/Library/TinyTeX/texmf-dist/fonts/type1/urw/times/utmb8a.pfb></Users/bytedance/Library/TinyTeX/texmf-dist/fonts/type1/urw/times/utmr8a.pfb></Users/bytedance/Library/TinyTeX/texmf-dist/fonts/type1/urw/times/utmri8a.pfb>
Output written on neurips_2026.pdf (28 pages, 13419787 bytes).
PDF statistics:
 742 PDF objects out of 1000 (max. 8388607)
 440 compressed objects within 5 object streams
 141 named destinations out of 1000 (max. 500000)
 58622 words of extra memory for PDF output out of 61914 (max. 10000000)

